iwmap 4
"000_Global" flags  active
"The Map" flags 
// entity 0
{
"sunRadiosity" "1"
"gravity" "800"
"spawnflags" "0"
"_color" "1 1 1"
"ambient" ".4"
"suncolor" "1 1 1"
"sundiffusecolor" "1 1 1"
"sundirection" "-130 -50 30"
"sunlight" "1.3"
"message" "welcome to unitn!"
"classname" "worldspawn"
}
// entity 1
{
"classname" "mp_tdm_spawn"
"angles" "0 90 0"
"origin" "-244.0 -68.0 -560.0"
}
// entity 2
{
"classname" "mp_tdm_spawn_allies_start"
"angles" "0 2.50448e-006 0"
"origin" "1844.0 1246.0 -778.0"
}
// entity 3
{
"classname" "mp_tdm_spawn_axis_start"
"angles" "0 180 0"
"origin" "3280.0 1136.0 -780.0"
}
// entity 4
{
"classname" "misc_prefab"
"model" "prefabs/mp/spawn_obj_tdm_axis.map"
"origin" "3280.0 1088.0 -796.0"
"angles" "0 180 0"
}
// entity 5
{
"classname" "misc_prefab"
"model" "prefabs/mp/spawn_obj_tdm_aliies.map"
"origin" "1588.0 1166.0 -794.0"
}
// entity 6
{
"classname" "info_player_start"
"angles" "0 45 0"
"origin" "64.0 -176.0 -560.0"
}
// entity 7
{
"classname" "misc_prefab"
"model" "aa_mappa_uni.map"
"origin" "1040.0 -64.0 16.0"
}
// entity 8
{
"classname" "mp_tdm_spawn"
"angles" "0 90 0"
"origin" "2892.0 700.0 -560.0"
}
// entity 9
{
"classname" "mp_tdm_spawn"
"angles" "0 90 0"
"origin" "2988.0 1564.0 -784.0"
}
// entity 10
{
"classname" "mp_tdm_spawn"
"angles" "0 90 0"
"origin" "1452.0 1532.0 -784.0"
}
// entity 11
{
"classname" "mp_tdm_spawn"
"angles" "0 90 0"
"origin" "300.0 1372.0 -784.0"
}
// entity 12
{
"classname" "mp_tdm_spawn"
"angles" "0 90 0"
"origin" "-692.0 1788.0 -784.0"
}
// entity 13
{
"classname" "mp_tdm_spawn_allies_start"
"angles" "0 2.50448e-006 0"
"origin" "2900.0 2046.0 -778.0"
}
// entity 14
{
"classname" "mp_tdm_spawn_allies_start"
"angles" "0 2.50448e-006 0"
"origin" "148.0 1598.0 -778.0"
}
// entity 15
{
"classname" "misc_prefab"
"model" "prefabs/mp/spawn_obj_tdm_aliies.map"
"origin" "-556.0 1710.0 -794.0"
}
// entity 16
{
"classname" "misc_prefab"
"model" "prefabs/mp/spawn_obj_tdm_aliies.map"
"origin" "596.0 1166.0 -794.0"
}
// entity 17
{
"classname" "mp_tdm_spawn_axis_start"
"angles" "0 180 0"
"origin" "3216.0 2448.0 -780.0"
}
// entity 18
{
"classname" "misc_prefab"
"model" "prefabs/mp/spawn_obj_tdm_axis.map"
"origin" "3216.0 2400.0 -796.0"
"angles" "0 180 0"
}
// entity 19
{
"classname" "mp_tdm_spawn_axis_start"
"angles" "0 180 0"
"origin" "-112.0 1168.0 -780.0"
}
// entity 20
{
"classname" "misc_prefab"
"model" "prefabs/mp/spawn_obj_tdm_axis.map"
"origin" "-112.0 1120.0 -796.0"
"angles" "0 180 0"
}
// entity 21
{
"classname" "info_player_start"
"angles" "0 45 0"
"origin" "1664.0 -112.0 -560.0"
}
// entity 22
{
"classname" "mp_tdm_spawn_allies_start"
"angles" "0 2.50448e-006 0"
"origin" "132.0 1790.0 -234.0"
}
// entity 23
{
"classname" "mp_tdm_spawn_allies_start"
"angles" "0 2.50448e-006 0"
"origin" "1732.0 1806.0 -234.0"
}
// entity 24
{
"classname" "mp_tdm_spawn"
"angles" "0 90 0"
"origin" "4636.0 156.0 -336.0"
}
// entity 25
{
"classname" "mp_tdm_spawn_axis_start"
"angles" "0 180 0"
"origin" "1632.0 624.0 -556.0"
}
// entity 26
{
"classname" "misc_prefab"
"model" "prefabs/mp/spawn_obj_tdm_axis.map"
"origin" "1632.0 576.0 -572.0"
"angles" "0 180 0"
}
